Aadhira
Aaloka
Aashi
Aashirya
Abha
Abhilasha
Achala
Adhika
Adhira
Adhita
Aditi
Adrika
Ahalya
Aisha
Aishani
Aishwarya
Ajalaa
Ajanta
Akhila
Akriti
Akshita
Akuti
Alisha
Alka
Alpana
Amba
Amber
Ambika
Ambuja
Amita
Amla
Amodini
Amoli
Amolika
Amrapali
Amrita
Amrusha
Amulya
Anahita
Anamika
Anandi
Anandini
Ananya
Anasu
Anchal
Angana
Anganaa
Angarika
Angee
Anika
Anindita
Anisha
Anishaa
Anishka
Anita
Anjali
Anjana
Anju
Anjushree
Ankita
Annapurna
Anshika
Anshu
Anshula
Antara
Anubha
Anuhya
Anuja
Anuka
Anumati
Anupa
Anupama
Anupriya
Anura
Anuradha
Anurupika
Anusha
Anushka
Anushri
Anusuya
Anvi
Anvita
Aparijita
Aparna
Apeksha
Apsara
Apur
Aradhana
Ara
Archa
Archan
Archana
Arpana
Arpita
Arshia
Aru
Aruna
Arundhati
Arunima
Arushi
Aryahi
Asee
Asha
Ashita
Ashmita
Ashna
Ashnaa
Ashni
Ashwini
Asita
Asmee
Asmita
Astha
Atreyi
Aushi
Avani
Avanti
Avantika
Avishi
Ayesha
Bahula
Bairavi
Bala
Banhi
Banita
Barkha
Basanti
Bela
Bhagirathi
Bhagyalakshmi
Bhagyashree
Bhairavi
Bhakti
Bhamini
Bhanupriya
Bharati
Bhargavi
Bhavan
Bhavani
Bhavika
Bhavini
Bhavya
Bhoomika
Bhuvana
Bijal
Bijli
Bindi
Bipasha
Bishakha
Brinda
Bulbul
Cauve
Chaitali
Chaita
Chameli
Champa
Chanchal
Chanda
Chanda
Chandika
Chandrakala
Chandrakanta
Chandrima
Charita
Charu
Charulata
Charulekha
Charusmita
Charvi
Cheshta
Chetana
Chetna
Chhavi
Chhaya
Chitra
Daksha
Dakshata
Dakshi
Damayanti
Damini
Darpan
Darpana
Darpita
Darsha
Daya
Dayanita
Deekshaa
Deepa
Deepali
Deepashikha
Deepika
Deepti
Devak
Devaki
Devanee
Devangi
Devashree
Deveshi
Devi
Devika
Devyani
Dhanashri
Dhanishta
Dhanista
Dhanya
Dharini
Dharmi
Dhriti
Dhwani
Diksha
Dipashri
Dipti
Dipu
Disha
Dishita
Diva
Divya
Drishti
Drishya
Dristi
Dulari
Durga
Eeshika
Eiravati
Ekt
Ela
Elakshi
Elina
Eravati
Erisha
Esha
Esha
Eshana
Eshani
Eshita
Ezhil
Falak
Falguni
Falgu
Farha
Faria
Firaki
Gajagamini
Gajra
Ganga
Gangi
Gargi
Garima
Gaura
Gauri
Gaurika
Gautami
Gayatri
Geena
Geeti
Gehna
Girija
Gi
Gitanjali
Gitika
Godavari
Gomati
Gopika
Gourangi
Gunjan
Gunjita
Gyanda
Hanita
Hansa
Hansika
Hansini
Harini
Haripriya
Harita
Harsh
Harsha
Harshika
Harshini
Harshita
Harshita
Heer
Heera
Hema
Hemali
Hemanga
Hemangi
Hemkanta
Hena
Henna
Himani
Hiral
Hiranya
Hiya
Ila
Ina
Indira
Indrakanta
Indrakshi
Indrani
Indrayani
Indrina
Indu
Indu
Induja
Induja
Indukala
Indukanta
Indumati
Indumukhi
Induprabha
Ipsa
Ipsita
Ira
Iram
Iravati
Irit
Isha
Ishana
Ishani
Ishanvi
Ishita
Ishta
Ishwari
Ishwari
Ishwarya
Iti
Iyla
Jagriti
Jahnavi
Jalaja
Jamini
Jamuna
Janaki
Janani
Janhavi
Jaya
Jayani
Jayanti
Jayaprabha
Jayaprada
Jayashri
Jayasudha
Jayita
Jeevana
Jeevika
Jhalak
Jharna
Jheel
Jhilmil
Jigyasa
Jivanta
Joshika
Joshita
Juhi
Juily
Jyoti
Jyotika
Jyotsna
Kaavya
Kadambari
Kadambini
Kaishori
Kaj
Kajjali
Kajri
Kala
Kalavati
Kali
Kalika
Kalindi
Kallolee
Kalpana
Kalpita
Kalyani
Kamakshi
Kamala
Kamalakshi
Kamalika
Kamalini
Kamana
Kamini
Kamna
Kamnika
Kamya
Kan
Kanakpriya
Kanan
Kanchan
Kanchi
Kanika
Kanishka
Kanta
Kanti
Kanupriya
Kapila
Kareena
Karishma
Karuna
Kashi
Kashika
Kashish
Kashmira
Kashvi
Kashyapi
Kasturi
Katyayani
Kaushalya
Kavika
Kavita
Kerani
Kesari
Keshi
Keshika
Keshini
Ketaki
Ketana
Keya
Khushboo
Khushi
Khyati
Kimaya
Kiran
Kirti
Kishori
Kokila
Komal
Kopal
Kopal
Koyal
Kranti
Kripa
Kritika
Krittika
Kruthika
Kshanika
Kumari
Kumkum
Kumud
Kuntal
Kunti
Kushali
Kusum
Kusumita
Lajni
Laksha
Laksh
Lali
Lata
Lavanya
Leela
Leena
Lekha
Likhitha
Lily
Lipi
Lipika
Lola
Lopa
Maanika
Madhavi
Madhu
Madhubala
Madhuksara
Madhulata
Madhulika
Madhumalati
Madhumati
Madhumita
Madhur
Madhuri
Madhurima
Madhushri
Mahadevi
Mahak
Mahalakshmi
Maheshi
Mahi
Mahima
Maina
Maithi
Maitri
Makshi
Mala
Malati
Malavika
Malini
Mallika
Manali
Manana
Mana
Manasi
Manasi
Mandakini
Mandira
Mandodari
Mangala
Manisha
Manjari
Manjika
Manju
Manjula
Manjusha
Manjusri
Manorama
Manushri
Manvi
Matangi
Mausu
Maya
Mayuri
Medha
Meena
Meenakshi
Meera
Megha
Meghna
Menka
Mili
Min
Minati
Mini
Mis
Mishti
Mi
Mithilesh
Mitul
Mohini
Mohisha
Mohita
Mona
Monica
Mridula
Mriganayani
Mriganka
Mrinalini
Mrityunjay
Mudita
Mudra
Mudrika
Mugdha
Mukta
Mukti
Muskaan
Naayantara
Naina
Naini
Nalini
Namita
Namrata
Namya
Nanda
Nandini
Nandita
Naomi
Narayani
Narmada
Natasha
Navaneeta
Naveena
Nayana
Neela
Neelabja
Neelakshi
Neelam
Neelambari
Neelanjana
Neera
Neeraja
Neeru
Neeta
Neeti
Neha
Nehal
Netra
Nidhi
Niharika
Nihira
Nikhita
Nikki
Nila
Nima
Nimeesha
Ni
Niranjana
Nirmala
Nirmayi
Nirupama
Nisha
Nishi
Nishikanta
Nishita
Nishithini
Nishtha
Niti
Nitya
Nityapriya
Nivedita
Niyati
Noopur
Noori
Nutan
Ojal
Ojasvi
Ojaswini
Omisha
Omisha
Omkareshwari
Omkareshwari
Onella
Oni
Oorja
Orpita
Padimni
Padma
Padmaja
Padmal
Padmini
Pakhi
Palak
Pallavi
Pallavini
Panchali
Pankaja
Pankhuri
Panna
Paramita
Parasmani
Paravi
Pari
Paridhi
Parijat
Parni
Parnika
Parul
Parvani
Parvati
Parveen
Pavana
Pavani
Pavi
Pavitra
Payal
Phalak
Phalguni
Pia
Piyali
Poo
Poonam
Poorbi
Poorineeta
Prabha
Prabhati
Prachi
Pradeepta
Pradhi
Pragati
Pragya
Prakriti
Prakruti
Pramila
Pramiti
Pranati
Prapti
Prarthana
Prashansa
Prashanti
Prateeksha
Prathysha
Pratibha
Pratima
Pratishtha
Preeti
Prem
Prema
Prerana
Prerita
Preyasi
Prita
Priti
Priya
Priyadarshini
Priyal
Priyam
Priyamvada
Priyanka
Pujita
Punita
Purni
Purva
Purvaja
Pushpa
Pushpanjali
Pushpita
Raak
Rachana
Radha
Radhika
Ragini
Rajalakshmi
Raja
Rajanigandha
Rajasi
Rajeshvari
Raji
Rajkumari
Rajshri
Rajvi
Raka
Raksha
Raktima
Ramani
Ramanika
Rambha
Ramita
Ramona
Ramya
Rani
Ranita
Ranjana
Ranjini
Ranjita
Ras
Rashmi
Rashmika
Rasika
Rasna
Rati
Ratna
Ratnali
R
Reetul
Rekha
Rena
Renu
Renuka
Resham
Reshma
Reshmi
Reva
Revati
Rewa
Rhea
Richa
Riddhi
Rimjhim
Rishika
Rishima
Rishita
Ritika
Ritu
Riya
Rohini
Rohita
Roma
Romila
Roopam
Roshana
Roshni
Rosy
Rucha
Ruchi
Ruchira
Ruchita
Rudrani
Ruhani
Ruhi
Rukmini
Ruma
Ru
Rupa
Ru
Rupal
Rupali
Rupashi
Rupashri
Rupika
Saanjh
Saatvika
Sachi
Sadgati
Sadguna
Sadhana
Sadhika
Sadhvi
Sagarika
Saguna
Sahana
Saheli
Sajili
Sajni
Sakhi
Sakshi
Saloni
Samantha
Samaya
Sameeksha
Samhita
Samidha
Samiha
Samita
Sampada
Sampoorna
Samriddhi
Samyukhta
Sanchali
Sanchaya
Sanchita
Sandhya
Sangeeta
Saniya
Sanjana
Sanjivani
Sanjivi
Sanjoli
Sanjukta
Sanjula
Sannidhi
Sanobar
Sanskriti
Santosh
Sanyukta
Sapan
Saparna
Sapna
Sara
Sarakshi
Sara
Sarama
Sarasvati
Saraswati
Sargam
Sarika
Sarita
Saroj
Saroja
Sarojini
Sasmita
Sati
Satya
Savita
Savitri
Seema
Sejal
Shachi
Shaila
Shaili
Shailja
Shakti
Shakuntala
Shalaka
Shalin
Shalini
Shambhavi
Shamita
Shanasa
Shankari
Shanta
Shanti
Sharada
Sharanya
Sharika
Sharmila
Sharmistha
Sharna
Sharvani
Shashi
Shashini
Shaswati
Shayamali
Sheela
Sheetal
Shefali
Shefalika
Shejali
Shikha
Shiksha
Shilpa
Shilpi
Shilpika
Shilpita
Shinjini
Shipra
Shivangi
Shivani
Shivika
Shobha
Shobhana
Shobhita
Shraddha
Shravani
Shravasti
Shravya
Shree
Shresta
Shresthi
Shreya
Shreyashi
Shri
Shridevi
Shrijani
Shrimayi
Shrivalli
Shruti
Shubhangi
Shubhi
Shubhra
Shuchi
Shuchismita
Shuchita
Shukla
Shukti
Shweta
Shyama
Shyamal
Shyamala
Shyamali
Shyamalika
Shyamangi
Shyla
S
Siba
Siddhi
Siddhika
Siddhima
Simi
Simr
Simr
Simrita
Sindhu
Sindhuja
Sita
Sitara
Smita
Smiti
Smriti
Smruti
Sneh
Sneha
Snehal
Snehalata
Snehi
Snigda
Snigdha
Sohni
Soma
Somalakshmi
Sona
Sonakshi
Sonal
Sonali
Sonia
Sonika
Sonya
Soumya
Sourabhi
Spoorthi
Spoorti
Srish
Srividya
Stavita
Stuti
Subhadra
Subhagya
Subhashini
Sucharita
Sucheta
Suchi
Suchira
Suchita
Suchitra
Sudakshima
Sudarshana
Sudeepa
Sudeepta
Sudesha
Sudha
Sudiksha
Sudipti
Suditi
Sugita
Suhani
Suhas
Suhasini
Suhrita
Sujala
Sujata
Sujaya
Sukanya
Sukeshi
Sukriti
Sulabha
Sulakshana
Sulbha
Sulekha
Sulochana
Suman
Sumathi
Sumedha
Sumita
Sunain
Sunayana
Sunanda
Sunandini
Sunandita
Sunayani
Sundari
Suneeti
Sunetra
Sunila
Sunita
Suniti
Suparna
Suprabha
Supreet
Supriti
Supriya
Suraksha
Suranga
Surangi
Suravi
Surekha
Surina
Suruchi
Sushama
Sushanti
Sushila
Sushma
Sushobhana
Susmita
Suvar
Suvarnarekha
Suvarnmala
Svadhi
Swapna
Swapnali
Swasti
Swati
Tamanna
Tamasi
Tanaya
Tanika
Tanisha
Tanmayi
Tannishtha
Tanu
Tanuja
Tanushri
Tanvi
Tanya
Tapani
Tapasi
Tapasya
Tapati
Tapi
Tara
Taral
Tarala
Tarana
Tarani
Tarini
Tarjani
Tarla
Taru
Taru
Taruna
Taruni
Tarunika
Teertha
Tejal
Tejas
Tejasvi
Tejaswi
Tejaswini
Thwishaa
Tilottama
Toral
Toshale
Trilochana
Trinayani
Trinetra
Tripta
Tripti
Trisha
Trishala
Trishna
Triveni
Triya
Tuhina
Tulika
Tulsi
Tusti
Udita
Uditi
Ujas
Ujjanini
Ujjwala
Ujwa
Ulka
Uma
Unnati
Upama
Upasana
Urja
Urmi
Urmi
Urshita
Urvashi
Urvi
Usha
Ushakiran
Ushma
Ushmil
Uttara
Wakeeta
Wamika
Yaksha
Yamini
Yamuna
Yana
Yashaswini
Yashila
Yashoda
Yashodhara
Yashomati
Yatee
Yauvani
Yogini
Yogita
Yojana
Yoshita
Yukta
Yukti
Yuvika
